
Memory Configuration

Name             Origin             Length             Attributes
flash            0x00000000         0x1f400000         xr
sram             0x20000000         0x1f400000         rw
*default*        0x00000000         0xffffffff

Linker script and memory map


.text           0x00000000      0x194
 *(.vectors)
 .vectors       0x00000000       0x28 startup.o
                0x00000000                vectors
 *(.text)
 .text          0x00000028       0xb0 main.o
                0x00000028                main
 .text          0x000000d8       0xbc startup.o
                0x000000d8                Reset_Handler
                0x00000188                Interrupt_Handler
                0x00000194                . = ALIGN (0x4)
                0x00000194                _E_text = .

.glue_7         0x00000194        0x0
 .glue_7        0x00000000        0x0 linker stubs

.glue_7t        0x00000194        0x0
 .glue_7t       0x00000000        0x0 linker stubs

.vfp11_veneer   0x00000194        0x0
 .vfp11_veneer  0x00000000        0x0 linker stubs

.v4_bx          0x00000194        0x0
 .v4_bx         0x00000000        0x0 linker stubs

.iplt           0x00000194        0x0
 .iplt          0x00000000        0x0 main.o

.rel.dyn        0x00000194        0x0
 .rel.iplt      0x00000000        0x0 main.o

.data           0x20000000       0x10 load address 0x00000194
                0x20000000                _S_data = .
 *(.data)
 .data          0x20000000       0x10 main.o
                0x20000000                SYSCTL_RCGC2_R
                0x20000004                GPIOF_DATA_R
                0x20000008                GPIOF_DIR_R
                0x2000000c                GPIOF_DEN_R
 .data          0x20000010        0x0 startup.o
                0x20000010                . = ALIGN (0x4)
                0x20000010                _E_data = .

.igot.plt       0x20000010        0x0 load address 0x000001a4
 .igot.plt      0x00000000        0x0 main.o

.bss            0x20000010        0x0 load address 0x000001a4
                0x20000010                _S_bss = .
 *(.bss)
 .bss           0x20000010        0x0 main.o
 .bss           0x20000010        0x0 startup.o
                0x20000010                . = ALIGN (0x4)
                0x20000010                _E_bss = .
                0x20001010                . = (. + 0x1000)
                0x20001010                _stack_top = .
LOAD main.o
LOAD startup.o
OUTPUT(learn_in_depth_cortex_m4.elf elf32-littlearm)

.debug_info     0x00000000      0x4ff
 .debug_info    0x00000000      0x359 main.o
 .debug_info    0x00000359      0x1a6 startup.o

.debug_abbrev   0x00000000      0x1ab
 .debug_abbrev  0x00000000       0xbf main.o
 .debug_abbrev  0x000000bf       0xec startup.o

.debug_loc      0x00000000       0x9c
 .debug_loc     0x00000000       0x38 main.o
 .debug_loc     0x00000038       0x64 startup.o

.debug_aranges  0x00000000       0x40
 .debug_aranges
                0x00000000       0x20 main.o
 .debug_aranges
                0x00000020       0x20 startup.o

.debug_line     0x00000000       0xf9
 .debug_line    0x00000000       0x79 main.o
 .debug_line    0x00000079       0x80 startup.o

.debug_str      0x00000000      0x260
 .debug_str     0x00000000      0x1d1 main.o
                                0x1f8 (size before relaxing)
 .debug_str     0x000001d1       0x8f startup.o
                                0x19d (size before relaxing)

.comment        0x00000000       0x11
 .comment       0x00000000       0x11 main.o
                                 0x12 (size before relaxing)
 .comment       0x00000000       0x12 startup.o

.ARM.attributes
                0x00000000       0x33
 .ARM.attributes
                0x00000000       0x33 main.o
 .ARM.attributes
                0x00000033       0x33 startup.o

.debug_frame    0x00000000       0x78
 .debug_frame   0x00000000       0x2c main.o
 .debug_frame   0x0000002c       0x4c startup.o
